node.exe : ΓÜá Warning: 
Next.js inferred your 
workspace root, but it may 
not be correct.
At line:1 char:1
+ & "C:\Program 
Files\nodejs/node.exe" "C:\Use
rs\eltig\AppData\Roaming\ ...
+ ~~~~~~~~~~~~~~~~~~~~~~~~~~~~
~~~~~~~~~~~~~~~~~~~~~~~~~~~~~~
~~~~~~~~~~~
    + CategoryInfo          : 
    NotSpecified: (ΓÜá Warni  
  ng: Ne...not be correct.:   
 String) [], RemoteExcepti    
on
    + FullyQualifiedErrorId : 
    NativeCommandError
 
 We detected multiple 
lockfiles and selected the 
directory of C:\Users\eltig\pa
ckage-lock.json as the root 
directory.
 To silence this warning, set 
`turbopack.root` in your 
Next.js config, or consider 
removing one of the lockfiles 
if it's not needed.
   See https://nextjs.org/docs
/app/api-reference/config/next
-config-js/turbopack#root-dire
ctory for more information.
 Detected additional 
lockfiles: 
   * C:\Users\eltig\OneDrive\D
ocuments\syklicollege\package-
lock.json

Γû▓ Next.js 16.1.5 (Turbopack)
- Environments: .env
- Experiments (use with caution):
  ┬╖ serverActions

  Creating an optimized production build ...
Γ£ô Compiled successfully in 20.8s
  Running TypeScript ...
  Collecting page data using 7 workers ...
  Generating static pages using 7 workers (0/72) ...
  Generating static pages using 7 workers (18/72) 
  Generating static pages using 7 workers (36/72) 
  Generating static pages using 7 workers (54/72) 
Γ£ô Generating static pages using 7 workers (72/72) in 1734.3ms
  Finalizing page optimization ...

Route (app)
Γöî ╞Æ /
Γö£ Γùï /_not-found
Γö£ ╞Æ /about
Γö£ Γùï /academic-regulations
Γö£ Γùï /accessibility
Γö£ ╞Æ /admin
Γö£ ╞Æ /admin/admissions
Γö£ ╞Æ /admin/admissions/[id]
Γö£ ╞Æ /admin/courses
Γö£ ╞Æ /admin/courses/[id]
Γö£ ╞Æ /admin/departments
Γö£ ╞Æ /admin/departments/[id]
Γö£ ╞Æ /admin/events
Γö£ ╞Æ /admin/events/[id]
Γö£ ╞Æ /admin/faculty
Γö£ ╞Æ /admin/faculty/[id]
Γö£ ╞Æ /admin/housing
Γö£ ╞Æ /admin/housing/finance
Γö£ ╞Æ /admin/it
Γö£ ╞Æ /admin/news
Γö£ ╞Æ /admin/news/[id]
Γö£ ╞Æ /admin/registrar
Γö£ ╞Æ /admin/research/projects
Γö£ ╞Æ /admin/research/projects/[id]
Γö£ ╞Æ /admin/students
Γö£ ╞Æ /admin/subjects
Γö£ ╞Æ /admin/subjects/[id]
Γö£ Γùï /admissions
Γö£ Γùï /admissions-policy
Γö£ Γùï /admissions/application-process
Γö£ Γùï /admissions/bachelor
Γö£ Γùï /admissions/bachelor-fi
Γö£ Γùï /admissions/master
Γö£ Γùï /admissions/requirements
Γö£ Γùï /admissions/tuition
Γö£ Γùï /alumni
Γö£ ╞Æ /api/admin/housing/assign-room
Γö£ ╞Æ /api/departments
Γö£ ╞Æ /api/events
Γö£ ╞Æ /api/faculty
Γö£ ╞Æ /api/news
Γö£ Γùï /art
Γö£ ╞Æ /auth/callback
Γö£ Γùï /code-of-conduct
Γö£ Γùï /collaboration
Γö£ Γùï /contact
Γö£ Γùï /cookies
Γö£ ╞Æ /debug
Γö£ Γùï /innovation
Γö£ Γùï /international
Γö£ Γùï /login
Γö£ ╞Æ /news
Γö£ ╞Æ /news/[slug]
Γö£ ╞Æ /news/events/[slug]
Γö£ Γùï /news/why-study-in-finland
Γö£ ╞Æ /portal/account
Γö£ ╞Æ /portal/account/admin-login
Γö£ ╞Æ /portal/account/admin-register
Γö£ ╞Æ /portal/account/login
Γö£ ╞Æ /portal/account/register
Γö£ ╞Æ /portal/application/[id]
Γö£ ╞Æ /portal/application/[id]/letter
Γö£ ╞Æ /portal/application/[id]/offer
Γö£ ╞Æ /portal/application/[id]/offer/payment
Γö£ ╞Æ /portal/application/[id]/offer/receipt
Γö£ ╞Æ /portal/application/[id]/view
Γö£ ╞Æ /portal/apply
Γö£ ╞Æ /portal/dashboard
Γö£ ╞Æ /portal/enrollment/[id]
Γö£ ╞Æ /portal/student
Γö£ ╞Æ /portal/student/courses
Γö£ ╞Æ /portal/student/housing
Γö£ ╞Æ /portal/student/it-access
Γö£ ╞Æ /portal/student/lms
Γö£ ╞Æ /portal/student/offer
Γö£ ╞Æ /portal/student/records
Γö£ ╞Æ /portal/student/timetable
Γö£ ╞Æ /portal/student/transcript
Γö£ ╞Æ /portal/support
Γö£ Γùï /privacy
Γö£ Γùï /refund-withdrawal-policy
Γö£ Γùï /research
Γö£ ╞Æ /research/projects
Γö£ ╞Æ /research/projects/[slug]
Γö£ Γùï /research/publications
Γö£ Γùï /robots.txt
Γö£ ╞Æ /schools
Γö£ ╞Æ /schools/[slug]
Γö£ ╞Æ /schools/[slug]/[dept_slug]
Γö£ ╞Æ /schools/arts
Γö£ ╞Æ /schools/arts/[dept_slug]
Γö£ ╞Æ /schools/business
Γö£ ╞Æ /schools/business/[dept_slug]
Γö£ Γùï /site-index
Γö£ Γùï /sitemap.xml
Γö£ Γùï /student-guide
Γö£ Γùï /student-guide/arrival
Γö£ Γùï /student-guide/bachelor
Γö£ Γùï /student-guide/exchange
Γö£ Γùï /student-guide/international
Γö£ Γùï /student-guide/master
Γö£ Γùï /student-handbook
Γö£ Γùï /student-life
Γö£ Γùï /student-life/cafe
Γö£ Γùï /studies
Γö£ ╞Æ /studies/[slug]
Γöö Γùï /terms


Γùï  (Static)   prerendered as static content
╞Æ  (Dynamic)  server-rendered on demand

EXIT_CODE: 0
